INFO:__main__:Starting Modbus TCP Server on 127.0.0.1:5020
INFO:__main__:Factory floor simulator engine started successfully.
INFO:pymodbus.logging:Server listening.
INFO:__main__:PLC Register Update -> Temp: 26.3°C, Volts: 228V, Power: 1521W
INFO:__main__:PLC Register Update -> Temp: 26.0°C, Volts: 232V, Power: 1579W
INFO:__main__:PLC Register Update -> Temp: 23.9°C, Volts: 228V, Power: 1260W
INFO:__main__:PLC Register Update -> Temp: 26.9°C, Volts: 230V, Power: 1799W
INFO:__main__:PLC Register Update -> Temp: 22.7°C, Volts: 231V, Power: 1496W
INFO:__main__:PLC Register Update -> Temp: 24.1°C, Volts: 228V, Power: 1311W
INFO:__main__:PLC Register Update -> Temp: 26.4°C, Volts: 228V, Power: 1758W
INFO:__main__:PLC Register Update -> Temp: 23.5°C, Volts: 230V, Power: 1214W
INFO:__main__:PLC Register Update -> Temp: 27.7°C, Volts: 230V, Power: 1417W
INFO:__main__:PLC Register Update -> Temp: 25.7°C, Volts: 229V, Power: 1397W
INFO:__main__:PLC Register Update -> Temp: 22.0°C, Volts: 230V, Power: 1587W
INFO:__main__:PLC Register Update -> Temp: 22.9°C, Volts: 229V, Power: 1270W
INFO:__main__:PLC Register Update -> Temp: 24.9°C, Volts: 229V, Power: 1523W
INFO:__main__:PLC Register Update -> Temp: 26.7°C, Volts: 232V, Power: 1515W
INFO:__main__:PLC Register Update -> Temp: 22.9°C, Volts: 231V, Power: 1291W
INFO:__main__:PLC Register Update -> Temp: 23.8°C, Volts: 230V, Power: 1671W
INFO:__main__:PLC Register Update -> Temp: 25.9°C, Volts: 231V, Power: 1575W
INFO:__main__:PLC Register Update -> Temp: 26.7°C, Volts: 228V, Power: 1515W
INFO:__main__:PLC Register Update -> Temp: 23.6°C, Volts: 229V, Power: 1578W
INFO:__main__:PLC Register Update -> Temp: 26.2°C, Volts: 232V, Power: 1477W
INFO:__main__:PLC Register Update -> Temp: 27.3°C, Volts: 228V, Power: 1672W
INFO:__main__:PLC Register Update -> Temp: 27.6°C, Volts: 230V, Power: 1453W
INFO:__main__:PLC Register Update -> Temp: 26.5°C, Volts: 232V, Power: 1423W
INFO:__main__:PLC Register Update -> Temp: 24.8°C, Volts: 229V, Power: 1326W
INFO:__main__:PLC Register Update -> Temp: 25.7°C, Volts: 232V, Power: 1581W
INFO:__main__:PLC Register Update -> Temp: 24.1°C, Volts: 228V, Power: 1540W
INFO:__main__:PLC Register Update -> Temp: 24.9°C, Volts: 229V, Power: 1797W
INFO:__main__:PLC Register Update -> Temp: 26.3°C, Volts: 232V, Power: 1617W
INFO:__main__:PLC Register Update -> Temp: 24.1°C, Volts: 232V, Power: 1733W
INFO:__main__:PLC Register Update -> Temp: 27.2°C, Volts: 230V, Power: 1648W
INFO:__main__:PLC Register Update -> Temp: 22.8°C, Volts: 228V, Power: 1332W
INFO:__main__:PLC Register Update -> Temp: 26.5°C, Volts: 229V, Power: 1375W
INFO:__main__:PLC Register Update -> Temp: 27.0°C, Volts: 229V, Power: 1644W
INFO:__main__:PLC Register Update -> Temp: 23.3°C, Volts: 229V, Power: 1468W
INFO:__main__:PLC Register Update -> Temp: 23.8°C, Volts: 231V, Power: 1539W
INFO:__main__:PLC Register Update -> Temp: 24.4°C, Volts: 228V, Power: 1646W
INFO:__main__:PLC Register Update -> Temp: 24.7°C, Volts: 228V, Power: 1646W
INFO:__main__:PLC Register Update -> Temp: 22.9°C, Volts: 228V, Power: 1237W
INFO:__main__:PLC Register Update -> Temp: 23.0°C, Volts: 228V, Power: 1626W
INFO:__main__:PLC Register Update -> Temp: 23.1°C, Volts: 231V, Power: 1408W
INFO:__main__:PLC Register Update -> Temp: 27.2°C, Volts: 229V, Power: 1418W
INFO:__main__:PLC Register Update -> Temp: 26.1°C, Volts: 229V, Power: 1267W
INFO:__main__:PLC Register Update -> Temp: 23.4°C, Volts: 232V, Power: 1294W
INFO:__main__:PLC Register Update -> Temp: 22.9°C, Volts: 229V, Power: 1617W
INFO:__main__:PLC Register Update -> Temp: 26.8°C, Volts: 230V, Power: 1360W
INFO:__main__:PLC Register Update -> Temp: 22.2°C, Volts: 228V, Power: 1780W
INFO:__main__:PLC Register Update -> Temp: 25.6°C, Volts: 230V, Power: 1407W
INFO:__main__:PLC Register Update -> Temp: 23.1°C, Volts: 229V, Power: 1596W
INFO:__main__:PLC Register Update -> Temp: 25.0°C, Volts: 231V, Power: 1491W
INFO:__main__:PLC Register Update -> Temp: 26.0°C, Volts: 231V, Power: 1762W
INFO:__main__:PLC Register Update -> Temp: 25.7°C, Volts: 232V, Power: 1320W
INFO:__main__:PLC Register Update -> Temp: 22.8°C, Volts: 230V, Power: 1567W
INFO:__main__:PLC Register Update -> Temp: 26.4°C, Volts: 230V, Power: 1509W
INFO:__main__:PLC Register Update -> Temp: 24.6°C, Volts: 228V, Power: 1219W
INFO:__main__:PLC Register Update -> Temp: 23.4°C, Volts: 229V, Power: 1244W
INFO:__main__:PLC Register Update -> Temp: 26.6°C, Volts: 228V, Power: 1371W
INFO:__main__:PLC Register Update -> Temp: 25.9°C, Volts: 230V, Power: 1603W
INFO:__main__:PLC Register Update -> Temp: 26.9°C, Volts: 230V, Power: 1533W
INFO:__main__:PLC Register Update -> Temp: 23.9°C, Volts: 231V, Power: 1308W
INFO:__main__:PLC Register Update -> Temp: 27.3°C, Volts: 231V, Power: 1391W
INFO:__main__:PLC Register Update -> Temp: 22.9°C, Volts: 232V, Power: 1718W
INFO:__main__:PLC Register Update -> Temp: 25.6°C, Volts: 228V, Power: 1669W
INFO:__main__:PLC Register Update -> Temp: 26.8°C, Volts: 230V, Power: 1759W
INFO:__main__:PLC Register Update -> Temp: 24.4°C, Volts: 232V, Power: 1413W
INFO:__main__:PLC Register Update -> Temp: 23.1°C, Volts: 231V, Power: 1592W
INFO:__main__:PLC Register Update -> Temp: 27.3°C, Volts: 229V, Power: 1519W
INFO:__main__:PLC Register Update -> Temp: 25.9°C, Volts: 229V, Power: 1434W
INFO:__main__:PLC Register Update -> Temp: 23.3°C, Volts: 228V, Power: 1416W
INFO:__main__:PLC Register Update -> Temp: 25.6°C, Volts: 232V, Power: 1671W
INFO:__main__:PLC Register Update -> Temp: 27.7°C, Volts: 230V, Power: 1709W
INFO:__main__:PLC Register Update -> Temp: 22.1°C, Volts: 228V, Power: 1540W
INFO:__main__:PLC Register Update -> Temp: 27.7°C, Volts: 230V, Power: 1646W
INFO:__main__:PLC Register Update -> Temp: 25.7°C, Volts: 231V, Power: 1557W
INFO:__main__:PLC Register Update -> Temp: 27.2°C, Volts: 232V, Power: 1342W
INFO:__main__:PLC Register Update -> Temp: 23.9°C, Volts: 231V, Power: 1682W
INFO:__main__:PLC Register Update -> Temp: 25.0°C, Volts: 228V, Power: 1543W
INFO:__main__:PLC Register Update -> Temp: 24.8°C, Volts: 231V, Power: 1621W
INFO:__main__:PLC Register Update -> Temp: 22.4°C, Volts: 228V, Power: 1343W
INFO:__main__:PLC Register Update -> Temp: 22.3°C, Volts: 231V, Power: 1268W
INFO:__main__:PLC Register Update -> Temp: 26.6°C, Volts: 229V, Power: 1660W
INFO:__main__:PLC Register Update -> Temp: 22.3°C, Volts: 232V, Power: 1627W
INFO:__main__:PLC Register Update -> Temp: 27.0°C, Volts: 229V, Power: 1545W
INFO:__main__:PLC Register Update -> Temp: 26.8°C, Volts: 231V, Power: 1331W
INFO:__main__:PLC Register Update -> Temp: 23.9°C, Volts: 230V, Power: 1765W
INFO:__main__:PLC Register Update -> Temp: 25.8°C, Volts: 229V, Power: 1496W
INFO:__main__:PLC Register Update -> Temp: 23.8°C, Volts: 229V, Power: 1573W
INFO:__main__:PLC Register Update -> Temp: 22.0°C, Volts: 232V, Power: 1401W
INFO:__main__:PLC Register Update -> Temp: 24.4°C, Volts: 229V, Power: 1330W
INFO:__main__:PLC Register Update -> Temp: 22.8°C, Volts: 229V, Power: 1552W
INFO:__main__:PLC Register Update -> Temp: 23.3°C, Volts: 231V, Power: 1259W
INFO:__main__:PLC Register Update -> Temp: 26.4°C, Volts: 232V, Power: 1688W
INFO:__main__:PLC Register Update -> Temp: 23.5°C, Volts: 231V, Power: 1773W
INFO:__main__:PLC Register Update -> Temp: 24.0°C, Volts: 231V, Power: 1242W
INFO:__main__:PLC Register Update -> Temp: 24.1°C, Volts: 232V, Power: 1796W
INFO:__main__:PLC Register Update -> Temp: 25.3°C, Volts: 231V, Power: 1330W
INFO:__main__:PLC Register Update -> Temp: 22.0°C, Volts: 229V, Power: 1638W
INFO:__main__:PLC Register Update -> Temp: 23.7°C, Volts: 229V, Power: 1204W
INFO:__main__:PLC Register Update -> Temp: 26.1°C, Volts: 232V, Power: 1295W
INFO:__main__:PLC Register Update -> Temp: 23.2°C, Volts: 232V, Power: 1604W
INFO:__main__:PLC Register Update -> Temp: 25.4°C, Volts: 229V, Power: 1727W
INFO:__main__:PLC Register Update -> Temp: 23.3°C, Volts: 229V, Power: 1347W
INFO:__main__:PLC Register Update -> Temp: 24.5°C, Volts: 229V, Power: 1537W
INFO:__main__:PLC Register Update -> Temp: 23.9°C, Volts: 232V, Power: 1481W
INFO:__main__:PLC Register Update -> Temp: 24.3°C, Volts: 230V, Power: 1635W
INFO:__main__:PLC Register Update -> Temp: 22.4°C, Volts: 231V, Power: 1308W
INFO:__main__:PLC Register Update -> Temp: 22.1°C, Volts: 229V, Power: 1433W
INFO:__main__:PLC Register Update -> Temp: 24.1°C, Volts: 228V, Power: 1541W
INFO:__main__:PLC Register Update -> Temp: 25.7°C, Volts: 230V, Power: 1491W
INFO:__main__:PLC Register Update -> Temp: 24.2°C, Volts: 232V, Power: 1437W
INFO:__main__:PLC Register Update -> Temp: 27.1°C, Volts: 228V, Power: 1718W
INFO:__main__:PLC Register Update -> Temp: 23.6°C, Volts: 230V, Power: 1293W
INFO:__main__:PLC Register Update -> Temp: 27.2°C, Volts: 229V, Power: 1650W
INFO:__main__:PLC Register Update -> Temp: 25.4°C, Volts: 229V, Power: 1745W
INFO:__main__:PLC Register Update -> Temp: 22.5°C, Volts: 229V, Power: 1239W
INFO:__main__:PLC Register Update -> Temp: 26.9°C, Volts: 231V, Power: 1566W
INFO:__main__:PLC Register Update -> Temp: 25.6°C, Volts: 230V, Power: 1453W
INFO:__main__:PLC Register Update -> Temp: 27.1°C, Volts: 229V, Power: 1553W
INFO:__main__:PLC Register Update -> Temp: 24.5°C, Volts: 232V, Power: 1532W
INFO:__main__:PLC Register Update -> Temp: 23.4°C, Volts: 230V, Power: 1592W
INFO:__main__:PLC Register Update -> Temp: 25.4°C, Volts: 228V, Power: 1330W
INFO:__main__:PLC Register Update -> Temp: 23.1°C, Volts: 229V, Power: 1777W
INFO:__main__:PLC Register Update -> Temp: 26.8°C, Volts: 229V, Power: 1577W
INFO:__main__:PLC Register Update -> Temp: 23.8°C, Volts: 230V, Power: 1736W
INFO:__main__:PLC Register Update -> Temp: 25.2°C, Volts: 230V, Power: 1451W
INFO:__main__:PLC Register Update -> Temp: 26.1°C, Volts: 232V, Power: 1485W
INFO:__main__:PLC Register Update -> Temp: 22.1°C, Volts: 232V, Power: 1605W
INFO:__main__:PLC Register Update -> Temp: 24.1°C, Volts: 230V, Power: 1704W
INFO:__main__:PLC Register Update -> Temp: 26.3°C, Volts: 230V, Power: 1201W
INFO:__main__:PLC Register Update -> Temp: 26.2°C, Volts: 228V, Power: 1618W
INFO:__main__:PLC Register Update -> Temp: 26.4°C, Volts: 230V, Power: 1556W
INFO:__main__:PLC Register Update -> Temp: 27.9°C, Volts: 232V, Power: 1479W
INFO:__main__:PLC Register Update -> Temp: 26.1°C, Volts: 229V, Power: 1593W
INFO:__main__:PLC Register Update -> Temp: 24.3°C, Volts: 231V, Power: 1767W
INFO:__main__:PLC Register Update -> Temp: 27.8°C, Volts: 231V, Power: 1646W
INFO:__main__:PLC Register Update -> Temp: 26.9°C, Volts: 229V, Power: 1425W
INFO:__main__:PLC Register Update -> Temp: 23.1°C, Volts: 229V, Power: 1646W
INFO:__main__:PLC Register Update -> Temp: 23.5°C, Volts: 231V, Power: 1274W
INFO:__main__:PLC Register Update -> Temp: 22.8°C, Volts: 229V, Power: 1355W
INFO:__main__:PLC Register Update -> Temp: 24.2°C, Volts: 231V, Power: 1491W
INFO:__main__:PLC Register Update -> Temp: 24.3°C, Volts: 231V, Power: 1593W
INFO:__main__:PLC Register Update -> Temp: 24.0°C, Volts: 232V, Power: 1594W
INFO:__main__:PLC Register Update -> Temp: 26.2°C, Volts: 228V, Power: 1244W
INFO:__main__:PLC Register Update -> Temp: 24.3°C, Volts: 231V, Power: 1671W
INFO:__main__:PLC Register Update -> Temp: 26.4°C, Volts: 229V, Power: 1370W
INFO:__main__:PLC Register Update -> Temp: 26.2°C, Volts: 231V, Power: 1627W
INFO:__main__:PLC Register Update -> Temp: 24.3°C, Volts: 228V, Power: 1295W
INFO:__main__:PLC Register Update -> Temp: 24.5°C, Volts: 232V, Power: 1405W
INFO:__main__:PLC Register Update -> Temp: 24.8°C, Volts: 232V, Power: 1323W
INFO:__main__:PLC Register Update -> Temp: 24.7°C, Volts: 229V, Power: 1586W
INFO:__main__:PLC Register Update -> Temp: 26.5°C, Volts: 229V, Power: 1751W
INFO:__main__:PLC Register Update -> Temp: 24.8°C, Volts: 228V, Power: 1453W
INFO:__main__:PLC Register Update -> Temp: 26.9°C, Volts: 228V, Power: 1599W
INFO:__main__:PLC Register Update -> Temp: 22.2°C, Volts: 230V, Power: 1486W
INFO:__main__:PLC Register Update -> Temp: 25.5°C, Volts: 229V, Power: 1670W
INFO:__main__:PLC Register Update -> Temp: 26.6°C, Volts: 231V, Power: 1348W
INFO:__main__:PLC Register Update -> Temp: 22.1°C, Volts: 228V, Power: 1608W
INFO:__main__:PLC Register Update -> Temp: 26.5°C, Volts: 228V, Power: 1594W
INFO:__main__:PLC Register Update -> Temp: 25.2°C, Volts: 228V, Power: 1252W
INFO:__main__:PLC Register Update -> Temp: 26.6°C, Volts: 232V, Power: 1446W
INFO:__main__:PLC Register Update -> Temp: 25.5°C, Volts: 228V, Power: 1526W
INFO:__main__:PLC Register Update -> Temp: 26.3°C, Volts: 228V, Power: 1796W
INFO:__main__:PLC Register Update -> Temp: 26.1°C, Volts: 232V, Power: 1316W
INFO:__main__:PLC Register Update -> Temp: 27.6°C, Volts: 228V, Power: 1622W
INFO:__main__:PLC Register Update -> Temp: 27.6°C, Volts: 229V, Power: 1384W
INFO:__main__:PLC Register Update -> Temp: 25.5°C, Volts: 229V, Power: 1495W
INFO:__main__:PLC Register Update -> Temp: 22.6°C, Volts: 232V, Power: 1294W
INFO:__main__:PLC Register Update -> Temp: 26.2°C, Volts: 232V, Power: 1656W
INFO:__main__:PLC Register Update -> Temp: 22.4°C, Volts: 228V, Power: 1650W
INFO:__main__:PLC Register Update -> Temp: 27.6°C, Volts: 228V, Power: 1542W
INFO:__main__:PLC Register Update -> Temp: 25.9°C, Volts: 228V, Power: 1355W
INFO:__main__:PLC Register Update -> Temp: 23.5°C, Volts: 231V, Power: 1455W
INFO:__main__:PLC Register Update -> Temp: 25.1°C, Volts: 231V, Power: 1579W
INFO:__main__:PLC Register Update -> Temp: 26.5°C, Volts: 228V, Power: 1312W
INFO:__main__:PLC Register Update -> Temp: 25.9°C, Volts: 231V, Power: 1496W
INFO:__main__:PLC Register Update -> Temp: 23.7°C, Volts: 228V, Power: 1441W
INFO:__main__:PLC Register Update -> Temp: 22.9°C, Volts: 229V, Power: 1490W
INFO:__main__:PLC Register Update -> Temp: 22.1°C, Volts: 228V, Power: 1758W
INFO:__main__:PLC Register Update -> Temp: 25.9°C, Volts: 228V, Power: 1336W
INFO:__main__:PLC Register Update -> Temp: 22.5°C, Volts: 228V, Power: 1533W
INFO:__main__:PLC Register Update -> Temp: 24.2°C, Volts: 229V, Power: 1575W
INFO:__main__:PLC Register Update -> Temp: 26.2°C, Volts: 230V, Power: 1701W
INFO:__main__:PLC Register Update -> Temp: 27.6°C, Volts: 228V, Power: 1446W
INFO:__main__:PLC Register Update -> Temp: 22.1°C, Volts: 228V, Power: 1623W
INFO:__main__:PLC Register Update -> Temp: 27.2°C, Volts: 229V, Power: 1235W
INFO:__main__:PLC Register Update -> Temp: 24.2°C, Volts: 229V, Power: 1744W
INFO:__main__:PLC Register Update -> Temp: 22.8°C, Volts: 228V, Power: 1253W
INFO:__main__:PLC Register Update -> Temp: 24.6°C, Volts: 229V, Power: 1304W
INFO:__main__:PLC Register Update -> Temp: 22.5°C, Volts: 228V, Power: 1413W
INFO:__main__:PLC Register Update -> Temp: 23.6°C, Volts: 230V, Power: 1601W
INFO:__main__:PLC Register Update -> Temp: 23.0°C, Volts: 229V, Power: 1307W
INFO:__main__:PLC Register Update -> Temp: 24.6°C, Volts: 228V, Power: 1375W
INFO:__main__:PLC Register Update -> Temp: 26.7°C, Volts: 232V, Power: 1348W
INFO:__main__:PLC Register Update -> Temp: 25.2°C, Volts: 231V, Power: 1412W
INFO:__main__:PLC Register Update -> Temp: 26.7°C, Volts: 228V, Power: 1330W
INFO:__main__:PLC Register Update -> Temp: 22.9°C, Volts: 228V, Power: 1203W
INFO:__main__:PLC Register Update -> Temp: 27.7°C, Volts: 230V, Power: 1718W
INFO:__main__:PLC Register Update -> Temp: 22.9°C, Volts: 229V, Power: 1490W
INFO:__main__:PLC Register Update -> Temp: 24.6°C, Volts: 228V, Power: 1631W
INFO:__main__:PLC Register Update -> Temp: 24.1°C, Volts: 231V, Power: 1686W
INFO:__main__:PLC Register Update -> Temp: 22.1°C, Volts: 230V, Power: 1361W
INFO:__main__:PLC Register Update -> Temp: 23.4°C, Volts: 228V, Power: 1686W
INFO:__main__:PLC Register Update -> Temp: 27.0°C, Volts: 228V, Power: 1490W
INFO:__main__:PLC Register Update -> Temp: 26.7°C, Volts: 230V, Power: 1539W
INFO:__main__:PLC Register Update -> Temp: 27.2°C, Volts: 228V, Power: 1790W
INFO:__main__:PLC Register Update -> Temp: 27.9°C, Volts: 228V, Power: 1239W
INFO:__main__:PLC Register Update -> Temp: 24.9°C, Volts: 230V, Power: 1543W
INFO:__main__:PLC Register Update -> Temp: 25.3°C, Volts: 229V, Power: 1202W
INFO:__main__:PLC Register Update -> Temp: 23.6°C, Volts: 228V, Power: 1564W
INFO:__main__:PLC Register Update -> Temp: 23.8°C, Volts: 230V, Power: 1496W
INFO:__main__:PLC Register Update -> Temp: 24.6°C, Volts: 230V, Power: 1302W
INFO:__main__:PLC Register Update -> Temp: 24.4°C, Volts: 229V, Power: 1308W
INFO:__main__:PLC Register Update -> Temp: 26.2°C, Volts: 228V, Power: 1370W
INFO:__main__:PLC Register Update -> Temp: 25.3°C, Volts: 229V, Power: 1602W
INFO:__main__:PLC Register Update -> Temp: 27.6°C, Volts: 230V, Power: 1749W
INFO:__main__:PLC Register Update -> Temp: 25.3°C, Volts: 231V, Power: 1778W
INFO:__main__:PLC Register Update -> Temp: 24.2°C, Volts: 232V, Power: 1637W
INFO:__main__:PLC Register Update -> Temp: 24.5°C, Volts: 232V, Power: 1204W
INFO:__main__:PLC Register Update -> Temp: 23.3°C, Volts: 231V, Power: 1643W
INFO:__main__:PLC Register Update -> Temp: 27.3°C, Volts: 231V, Power: 1346W
INFO:__main__:PLC Register Update -> Temp: 23.3°C, Volts: 228V, Power: 1681W
INFO:__main__:PLC Register Update -> Temp: 23.6°C, Volts: 229V, Power: 1436W
INFO:__main__:PLC Register Update -> Temp: 23.1°C, Volts: 230V, Power: 1544W
INFO:__main__:PLC Register Update -> Temp: 22.3°C, Volts: 228V, Power: 1345W
INFO:__main__:PLC Register Update -> Temp: 22.2°C, Volts: 229V, Power: 1624W
INFO:__main__:PLC Register Update -> Temp: 27.8°C, Volts: 228V, Power: 1359W
INFO:__main__:PLC Register Update -> Temp: 26.1°C, Volts: 232V, Power: 1613W
INFO:__main__:PLC Register Update -> Temp: 25.7°C, Volts: 228V, Power: 1561W
INFO:__main__:PLC Register Update -> Temp: 24.0°C, Volts: 231V, Power: 1657W
INFO:__main__:PLC Register Update -> Temp: 24.7°C, Volts: 228V, Power: 1232W
INFO:__main__:PLC Register Update -> Temp: 23.5°C, Volts: 230V, Power: 1721W
INFO:__main__:PLC Register Update -> Temp: 23.7°C, Volts: 231V, Power: 1513W
INFO:__main__:PLC Register Update -> Temp: 24.9°C, Volts: 230V, Power: 1779W
INFO:__main__:PLC Register Update -> Temp: 22.7°C, Volts: 228V, Power: 1792W
INFO:__main__:PLC Register Update -> Temp: 25.7°C, Volts: 231V, Power: 1603W
INFO:__main__:PLC Register Update -> Temp: 26.4°C, Volts: 231V, Power: 1210W
INFO:__main__:PLC Register Update -> Temp: 25.5°C, Volts: 229V, Power: 1549W
INFO:__main__:PLC Register Update -> Temp: 23.7°C, Volts: 230V, Power: 1489W
INFO:__main__:PLC Register Update -> Temp: 23.7°C, Volts: 231V, Power: 1415W
INFO:__main__:PLC Register Update -> Temp: 22.8°C, Volts: 230V, Power: 1780W
INFO:__main__:PLC Register Update -> Temp: 26.6°C, Volts: 228V, Power: 1376W
INFO:__main__:PLC Register Update -> Temp: 27.8°C, Volts: 230V, Power: 1531W
INFO:__main__:PLC Register Update -> Temp: 22.2°C, Volts: 231V, Power: 1234W
INFO:__main__:PLC Register Update -> Temp: 24.3°C, Volts: 228V, Power: 1514W
INFO:__main__:PLC Register Update -> Temp: 23.7°C, Volts: 232V, Power: 1488W
INFO:__main__:PLC Register Update -> Temp: 22.1°C, Volts: 228V, Power: 1583W
INFO:__main__:PLC Register Update -> Temp: 23.4°C, Volts: 232V, Power: 1667W
INFO:__main__:PLC Register Update -> Temp: 23.5°C, Volts: 231V, Power: 1327W
INFO:__main__:PLC Register Update -> Temp: 23.3°C, Volts: 230V, Power: 1527W
INFO:__main__:PLC Register Update -> Temp: 23.9°C, Volts: 229V, Power: 1502W
INFO:__main__:PLC Register Update -> Temp: 24.1°C, Volts: 230V, Power: 1216W
INFO:__main__:PLC Register Update -> Temp: 26.4°C, Volts: 230V, Power: 1543W
INFO:__main__:PLC Register Update -> Temp: 22.2°C, Volts: 231V, Power: 1704W
INFO:__main__:PLC Register Update -> Temp: 23.8°C, Volts: 230V, Power: 1469W
INFO:__main__:PLC Register Update -> Temp: 22.5°C, Volts: 229V, Power: 1323W
INFO:__main__:PLC Register Update -> Temp: 25.1°C, Volts: 230V, Power: 1666W
INFO:__main__:PLC Register Update -> Temp: 27.5°C, Volts: 228V, Power: 1699W
INFO:__main__:PLC Register Update -> Temp: 25.3°C, Volts: 230V, Power: 1630W
INFO:__main__:PLC Register Update -> Temp: 25.4°C, Volts: 228V, Power: 1489W
INFO:__main__:PLC Register Update -> Temp: 22.5°C, Volts: 229V, Power: 1456W
INFO:__main__:PLC Register Update -> Temp: 25.8°C, Volts: 229V, Power: 1207W
INFO:__main__:PLC Register Update -> Temp: 24.1°C, Volts: 228V, Power: 1302W
INFO:__main__:PLC Register Update -> Temp: 23.7°C, Volts: 232V, Power: 1268W
INFO:__main__:PLC Register Update -> Temp: 22.4°C, Volts: 229V, Power: 1331W
INFO:__main__:PLC Register Update -> Temp: 23.7°C, Volts: 229V, Power: 1269W
INFO:__main__:PLC Register Update -> Temp: 24.6°C, Volts: 230V, Power: 1570W
INFO:__main__:PLC Register Update -> Temp: 22.9°C, Volts: 228V, Power: 1399W
INFO:__main__:PLC Register Update -> Temp: 25.5°C, Volts: 232V, Power: 1356W
INFO:__main__:PLC Register Update -> Temp: 24.7°C, Volts: 230V, Power: 1226W
INFO:__main__:PLC Register Update -> Temp: 23.4°C, Volts: 228V, Power: 1328W
INFO:__main__:PLC Register Update -> Temp: 27.6°C, Volts: 232V, Power: 1304W
INFO:__main__:PLC Register Update -> Temp: 25.6°C, Volts: 231V, Power: 1224W
INFO:__main__:PLC Register Update -> Temp: 24.7°C, Volts: 229V, Power: 1506W
INFO:__main__:PLC Register Update -> Temp: 27.1°C, Volts: 230V, Power: 1729W
INFO:__main__:PLC Register Update -> Temp: 26.7°C, Volts: 231V, Power: 1666W
INFO:__main__:PLC Register Update -> Temp: 26.4°C, Volts: 230V, Power: 1292W
INFO:__main__:PLC Register Update -> Temp: 23.3°C, Volts: 231V, Power: 1391W
INFO:__main__:PLC Register Update -> Temp: 22.7°C, Volts: 228V, Power: 1240W
INFO:__main__:PLC Register Update -> Temp: 24.5°C, Volts: 230V, Power: 1737W
INFO:__main__:PLC Register Update -> Temp: 27.2°C, Volts: 232V, Power: 1341W
INFO:__main__:PLC Register Update -> Temp: 27.5°C, Volts: 231V, Power: 1549W
INFO:__main__:PLC Register Update -> Temp: 27.8°C, Volts: 231V, Power: 1603W
INFO:__main__:PLC Register Update -> Temp: 25.2°C, Volts: 232V, Power: 1302W
INFO:__main__:PLC Register Update -> Temp: 25.3°C, Volts: 232V, Power: 1459W
INFO:__main__:PLC Register Update -> Temp: 24.0°C, Volts: 231V, Power: 1772W
INFO:__main__:PLC Register Update -> Temp: 22.3°C, Volts: 228V, Power: 1586W
INFO:__main__:PLC Register Update -> Temp: 22.3°C, Volts: 228V, Power: 1241W
INFO:__main__:PLC Register Update -> Temp: 27.4°C, Volts: 229V, Power: 1344W
INFO:__main__:PLC Register Update -> Temp: 24.1°C, Volts: 229V, Power: 1513W
INFO:__main__:PLC Register Update -> Temp: 27.4°C, Volts: 232V, Power: 1535W
INFO:__main__:PLC Register Update -> Temp: 25.3°C, Volts: 230V, Power: 1370W
INFO:__main__:PLC Register Update -> Temp: 25.8°C, Volts: 229V, Power: 1551W
INFO:__main__:PLC Register Update -> Temp: 25.0°C, Volts: 232V, Power: 1573W
INFO:__main__:PLC Register Update -> Temp: 24.5°C, Volts: 230V, Power: 1549W
INFO:__main__:PLC Register Update -> Temp: 26.4°C, Volts: 231V, Power: 1573W
INFO:__main__:PLC Register Update -> Temp: 25.0°C, Volts: 230V, Power: 1626W
INFO:__main__:PLC Register Update -> Temp: 24.3°C, Volts: 228V, Power: 1765W
INFO:__main__:PLC Register Update -> Temp: 22.6°C, Volts: 232V, Power: 1430W
INFO:__main__:PLC Register Update -> Temp: 22.3°C, Volts: 229V, Power: 1563W
INFO:__main__:PLC Register Update -> Temp: 27.6°C, Volts: 228V, Power: 1769W
INFO:__main__:PLC Register Update -> Temp: 25.2°C, Volts: 228V, Power: 1441W
INFO:__main__:PLC Register Update -> Temp: 22.0°C, Volts: 232V, Power: 1720W
INFO:__main__:PLC Register Update -> Temp: 27.9°C, Volts: 232V, Power: 1200W
INFO:__main__:PLC Register Update -> Temp: 27.6°C, Volts: 229V, Power: 1548W
INFO:__main__:PLC Register Update -> Temp: 26.0°C, Volts: 231V, Power: 1372W
INFO:__main__:PLC Register Update -> Temp: 22.2°C, Volts: 228V, Power: 1387W
INFO:__main__:PLC Register Update -> Temp: 27.4°C, Volts: 229V, Power: 1258W
INFO:__main__:PLC Register Update -> Temp: 26.9°C, Volts: 231V, Power: 1515W
INFO:__main__:PLC Register Update -> Temp: 22.7°C, Volts: 232V, Power: 1701W
INFO:__main__:PLC Register Update -> Temp: 25.5°C, Volts: 230V, Power: 1771W
INFO:__main__:PLC Register Update -> Temp: 25.4°C, Volts: 229V, Power: 1334W
INFO:__main__:PLC Register Update -> Temp: 23.7°C, Volts: 229V, Power: 1331W
INFO:__main__:PLC Register Update -> Temp: 27.4°C, Volts: 231V, Power: 1448W
INFO:__main__:PLC Register Update -> Temp: 22.5°C, Volts: 232V, Power: 1424W
INFO:__main__:PLC Register Update -> Temp: 26.4°C, Volts: 230V, Power: 1472W
INFO:__main__:PLC Register Update -> Temp: 23.8°C, Volts: 229V, Power: 1406W
INFO:__main__:PLC Register Update -> Temp: 22.4°C, Volts: 230V, Power: 1542W
INFO:__main__:PLC Register Update -> Temp: 27.8°C, Volts: 232V, Power: 1387W
INFO:__main__:PLC Register Update -> Temp: 25.2°C, Volts: 229V, Power: 1502W
INFO:__main__:PLC Register Update -> Temp: 26.1°C, Volts: 229V, Power: 1746W
INFO:__main__:PLC Register Update -> Temp: 23.9°C, Volts: 229V, Power: 1744W
INFO:__main__:PLC Register Update -> Temp: 27.8°C, Volts: 231V, Power: 1797W
INFO:__main__:PLC Register Update -> Temp: 22.2°C, Volts: 228V, Power: 1361W
INFO:__main__:PLC Register Update -> Temp: 24.9°C, Volts: 232V, Power: 1544W
INFO:__main__:PLC Register Update -> Temp: 22.3°C, Volts: 228V, Power: 1656W
INFO:__main__:PLC Register Update -> Temp: 25.0°C, Volts: 229V, Power: 1663W
INFO:__main__:PLC Register Update -> Temp: 27.9°C, Volts: 230V, Power: 1787W
INFO:__main__:PLC Register Update -> Temp: 27.7°C, Volts: 228V, Power: 1729W
INFO:__main__:PLC Register Update -> Temp: 23.1°C, Volts: 231V, Power: 1370W
INFO:__main__:PLC Register Update -> Temp: 26.8°C, Volts: 228V, Power: 1284W
INFO:__main__:PLC Register Update -> Temp: 23.6°C, Volts: 231V, Power: 1387W
INFO:__main__:PLC Register Update -> Temp: 22.8°C, Volts: 231V, Power: 1309W
INFO:__main__:PLC Register Update -> Temp: 24.6°C, Volts: 230V, Power: 1252W
INFO:__main__:PLC Register Update -> Temp: 22.8°C, Volts: 231V, Power: 1425W
INFO:__main__:PLC Register Update -> Temp: 24.1°C, Volts: 231V, Power: 1283W
INFO:__main__:PLC Register Update -> Temp: 24.1°C, Volts: 232V, Power: 1534W
INFO:__main__:PLC Register Update -> Temp: 26.9°C, Volts: 231V, Power: 1760W
INFO:__main__:PLC Register Update -> Temp: 24.5°C, Volts: 231V, Power: 1392W
INFO:__main__:PLC Register Update -> Temp: 22.5°C, Volts: 232V, Power: 1767W
INFO:__main__:PLC Register Update -> Temp: 24.2°C, Volts: 232V, Power: 1591W
INFO:__main__:PLC Register Update -> Temp: 23.2°C, Volts: 232V, Power: 1289W
INFO:__main__:PLC Register Update -> Temp: 26.1°C, Volts: 231V, Power: 1609W
INFO:__main__:PLC Register Update -> Temp: 26.1°C, Volts: 230V, Power: 1216W
INFO:__main__:PLC Register Update -> Temp: 22.9°C, Volts: 231V, Power: 1648W
INFO:__main__:PLC Register Update -> Temp: 25.2°C, Volts: 229V, Power: 1548W
INFO:__main__:PLC Register Update -> Temp: 24.2°C, Volts: 229V, Power: 1464W
INFO:__main__:PLC Register Update -> Temp: 23.8°C, Volts: 232V, Power: 1770W
INFO:__main__:PLC Register Update -> Temp: 27.4°C, Volts: 230V, Power: 1799W
INFO:__main__:PLC Register Update -> Temp: 24.2°C, Volts: 230V, Power: 1537W
INFO:__main__:PLC Register Update -> Temp: 23.7°C, Volts: 229V, Power: 1693W
INFO:__main__:PLC Register Update -> Temp: 25.4°C, Volts: 229V, Power: 1791W
INFO:__main__:PLC Register Update -> Temp: 25.1°C, Volts: 228V, Power: 1342W
INFO:__main__:PLC Register Update -> Temp: 22.3°C, Volts: 231V, Power: 1358W
INFO:__main__:PLC Register Update -> Temp: 22.5°C, Volts: 230V, Power: 1746W
INFO:__main__:PLC Register Update -> Temp: 23.6°C, Volts: 229V, Power: 1646W
INFO:__main__:PLC Register Update -> Temp: 26.3°C, Volts: 231V, Power: 1475W
INFO:__main__:PLC Register Update -> Temp: 27.2°C, Volts: 228V, Power: 1592W
INFO:__main__:PLC Register Update -> Temp: 23.2°C, Volts: 229V, Power: 1209W
INFO:__main__:PLC Register Update -> Temp: 23.8°C, Volts: 230V, Power: 1637W
INFO:__main__:PLC Register Update -> Temp: 26.5°C, Volts: 228V, Power: 1735W
INFO:__main__:PLC Register Update -> Temp: 23.2°C, Volts: 232V, Power: 1667W
INFO:__main__:PLC Register Update -> Temp: 26.9°C, Volts: 230V, Power: 1345W
INFO:__main__:PLC Register Update -> Temp: 27.6°C, Volts: 228V, Power: 1355W
INFO:__main__:PLC Register Update -> Temp: 26.1°C, Volts: 229V, Power: 1404W
INFO:__main__:PLC Register Update -> Temp: 23.3°C, Volts: 231V, Power: 1595W
INFO:__main__:PLC Register Update -> Temp: 24.4°C, Volts: 232V, Power: 1430W
INFO:__main__:PLC Register Update -> Temp: 25.8°C, Volts: 230V, Power: 1390W
INFO:__main__:PLC Register Update -> Temp: 24.1°C, Volts: 231V, Power: 1444W
INFO:__main__:PLC Register Update -> Temp: 27.6°C, Volts: 229V, Power: 1463W
INFO:__main__:PLC Register Update -> Temp: 26.3°C, Volts: 228V, Power: 1454W
INFO:__main__:PLC Register Update -> Temp: 22.7°C, Volts: 231V, Power: 1333W
INFO:__main__:PLC Register Update -> Temp: 23.8°C, Volts: 228V, Power: 1664W
INFO:__main__:PLC Register Update -> Temp: 22.7°C, Volts: 229V, Power: 1736W
INFO:__main__:PLC Register Update -> Temp: 24.5°C, Volts: 228V, Power: 1777W
INFO:__main__:PLC Register Update -> Temp: 27.6°C, Volts: 230V, Power: 1641W
INFO:__main__:PLC Register Update -> Temp: 25.0°C, Volts: 228V, Power: 1426W
INFO:__main__:PLC Register Update -> Temp: 23.3°C, Volts: 232V, Power: 1777W
INFO:__main__:PLC Register Update -> Temp: 22.8°C, Volts: 228V, Power: 1459W
INFO:__main__:PLC Register Update -> Temp: 27.8°C, Volts: 229V, Power: 1373W
INFO:__main__:PLC Register Update -> Temp: 25.7°C, Volts: 229V, Power: 1782W
INFO:__main__:PLC Register Update -> Temp: 24.3°C, Volts: 232V, Power: 1591W
INFO:__main__:PLC Register Update -> Temp: 23.4°C, Volts: 230V, Power: 1531W
INFO:__main__:PLC Register Update -> Temp: 23.5°C, Volts: 232V, Power: 1342W
INFO:__main__:PLC Register Update -> Temp: 26.3°C, Volts: 229V, Power: 1717W
INFO:__main__:PLC Register Update -> Temp: 26.4°C, Volts: 232V, Power: 1772W
INFO:__main__:PLC Register Update -> Temp: 23.5°C, Volts: 229V, Power: 1570W
INFO:__main__:PLC Register Update -> Temp: 22.5°C, Volts: 231V, Power: 1427W
INFO:__main__:PLC Register Update -> Temp: 24.7°C, Volts: 230V, Power: 1624W
INFO:__main__:PLC Register Update -> Temp: 25.4°C, Volts: 228V, Power: 1462W
INFO:__main__:PLC Register Update -> Temp: 25.4°C, Volts: 230V, Power: 1600W
INFO:__main__:PLC Register Update -> Temp: 22.3°C, Volts: 230V, Power: 1642W
INFO:__main__:PLC Register Update -> Temp: 26.6°C, Volts: 231V, Power: 1242W
INFO:__main__:PLC Register Update -> Temp: 24.5°C, Volts: 231V, Power: 1690W
INFO:__main__:PLC Register Update -> Temp: 25.8°C, Volts: 230V, Power: 1651W
INFO:__main__:PLC Register Update -> Temp: 26.5°C, Volts: 229V, Power: 1248W
INFO:__main__:PLC Register Update -> Temp: 25.4°C, Volts: 229V, Power: 1340W
INFO:__main__:PLC Register Update -> Temp: 27.3°C, Volts: 228V, Power: 1459W
INFO:__main__:PLC Register Update -> Temp: 26.2°C, Volts: 229V, Power: 1534W
INFO:__main__:PLC Register Update -> Temp: 24.3°C, Volts: 228V, Power: 1297W
INFO:__main__:PLC Register Update -> Temp: 27.2°C, Volts: 232V, Power: 1494W
INFO:__main__:PLC Register Update -> Temp: 24.5°C, Volts: 230V, Power: 1289W
INFO:__main__:PLC Register Update -> Temp: 24.1°C, Volts: 232V, Power: 1601W
INFO:__main__:PLC Register Update -> Temp: 25.4°C, Volts: 231V, Power: 1233W
INFO:__main__:PLC Register Update -> Temp: 24.8°C, Volts: 230V, Power: 1230W
INFO:__main__:PLC Register Update -> Temp: 25.5°C, Volts: 231V, Power: 1427W
INFO:__main__:PLC Register Update -> Temp: 22.9°C, Volts: 231V, Power: 1304W
INFO:__main__:PLC Register Update -> Temp: 26.4°C, Volts: 232V, Power: 1535W
INFO:__main__:PLC Register Update -> Temp: 23.6°C, Volts: 229V, Power: 1527W
INFO:__main__:PLC Register Update -> Temp: 24.5°C, Volts: 231V, Power: 1215W
INFO:__main__:PLC Register Update -> Temp: 25.5°C, Volts: 230V, Power: 1625W
INFO:__main__:PLC Register Update -> Temp: 27.5°C, Volts: 230V, Power: 1269W
INFO:__main__:PLC Register Update -> Temp: 24.5°C, Volts: 230V, Power: 1739W
INFO:__main__:PLC Register Update -> Temp: 22.2°C, Volts: 229V, Power: 1661W
INFO:__main__:PLC Register Update -> Temp: 26.9°C, Volts: 231V, Power: 1720W
INFO:__main__:PLC Register Update -> Temp: 26.7°C, Volts: 228V, Power: 1780W
INFO:__main__:PLC Register Update -> Temp: 26.9°C, Volts: 230V, Power: 1750W
INFO:__main__:PLC Register Update -> Temp: 22.9°C, Volts: 230V, Power: 1482W
INFO:__main__:PLC Register Update -> Temp: 26.2°C, Volts: 232V, Power: 1253W
INFO:__main__:PLC Register Update -> Temp: 27.8°C, Volts: 229V, Power: 1205W
INFO:__main__:PLC Register Update -> Temp: 27.2°C, Volts: 231V, Power: 1321W
INFO:__main__:PLC Register Update -> Temp: 26.3°C, Volts: 230V, Power: 1660W
INFO:__main__:PLC Register Update -> Temp: 25.6°C, Volts: 228V, Power: 1453W
INFO:__main__:PLC Register Update -> Temp: 24.1°C, Volts: 228V, Power: 1604W
INFO:__main__:PLC Register Update -> Temp: 27.5°C, Volts: 231V, Power: 1742W
INFO:__main__:PLC Register Update -> Temp: 27.4°C, Volts: 228V, Power: 1739W
INFO:__main__:PLC Register Update -> Temp: 24.8°C, Volts: 231V, Power: 1412W
INFO:__main__:PLC Register Update -> Temp: 23.8°C, Volts: 232V, Power: 1212W
INFO:__main__:PLC Register Update -> Temp: 23.0°C, Volts: 228V, Power: 1303W
INFO:__main__:PLC Register Update -> Temp: 26.0°C, Volts: 231V, Power: 1702W
INFO:__main__:PLC Register Update -> Temp: 22.8°C, Volts: 231V, Power: 1366W
INFO:__main__:PLC Register Update -> Temp: 22.3°C, Volts: 228V, Power: 1535W
INFO:__main__:PLC Register Update -> Temp: 25.5°C, Volts: 231V, Power: 1675W
INFO:__main__:PLC Register Update -> Temp: 22.0°C, Volts: 228V, Power: 1331W
INFO:__main__:PLC Register Update -> Temp: 25.4°C, Volts: 231V, Power: 1719W
INFO:__main__:PLC Register Update -> Temp: 25.1°C, Volts: 232V, Power: 1387W
INFO:__main__:PLC Register Update -> Temp: 25.5°C, Volts: 230V, Power: 1388W
INFO:__main__:PLC Register Update -> Temp: 25.9°C, Volts: 229V, Power: 1731W
INFO:__main__:PLC Register Update -> Temp: 24.5°C, Volts: 228V, Power: 1540W
INFO:__main__:PLC Register Update -> Temp: 24.9°C, Volts: 230V, Power: 1232W
INFO:__main__:PLC Register Update -> Temp: 24.6°C, Volts: 230V, Power: 1247W
INFO:__main__:PLC Register Update -> Temp: 27.2°C, Volts: 232V, Power: 1471W
INFO:__main__:PLC Register Update -> Temp: 24.9°C, Volts: 229V, Power: 1507W
INFO:__main__:PLC Register Update -> Temp: 24.4°C, Volts: 230V, Power: 1502W
INFO:__main__:PLC Register Update -> Temp: 24.4°C, Volts: 229V, Power: 1516W
INFO:__main__:PLC Register Update -> Temp: 23.6°C, Volts: 232V, Power: 1487W
INFO:__main__:PLC Register Update -> Temp: 25.2°C, Volts: 230V, Power: 1673W
INFO:__main__:PLC Register Update -> Temp: 24.9°C, Volts: 231V, Power: 1508W
INFO:__main__:PLC Register Update -> Temp: 25.1°C, Volts: 232V, Power: 1462W
INFO:__main__:PLC Register Update -> Temp: 24.8°C, Volts: 228V, Power: 1254W
INFO:__main__:PLC Register Update -> Temp: 25.8°C, Volts: 229V, Power: 1733W
INFO:__main__:PLC Register Update -> Temp: 25.0°C, Volts: 230V, Power: 1250W
INFO:__main__:PLC Register Update -> Temp: 22.7°C, Volts: 229V, Power: 1340W
INFO:__main__:PLC Register Update -> Temp: 27.5°C, Volts: 229V, Power: 1489W
INFO:__main__:PLC Register Update -> Temp: 27.0°C, Volts: 230V, Power: 1362W
INFO:__main__:PLC Register Update -> Temp: 27.9°C, Volts: 230V, Power: 1391W
INFO:__main__:PLC Register Update -> Temp: 26.6°C, Volts: 229V, Power: 1483W
INFO:__main__:PLC Register Update -> Temp: 25.3°C, Volts: 232V, Power: 1529W
INFO:__main__:PLC Register Update -> Temp: 22.7°C, Volts: 228V, Power: 1791W
INFO:__main__:PLC Register Update -> Temp: 27.7°C, Volts: 229V, Power: 1543W
INFO:__main__:PLC Register Update -> Temp: 25.0°C, Volts: 230V, Power: 1367W
INFO:__main__:PLC Register Update -> Temp: 26.4°C, Volts: 231V, Power: 1670W
INFO:__main__:PLC Register Update -> Temp: 22.6°C, Volts: 231V, Power: 1490W
INFO:__main__:PLC Register Update -> Temp: 22.7°C, Volts: 231V, Power: 1450W
INFO:__main__:PLC Register Update -> Temp: 25.1°C, Volts: 231V, Power: 1587W
INFO:__main__:PLC Register Update -> Temp: 23.2°C, Volts: 228V, Power: 1407W
INFO:__main__:PLC Register Update -> Temp: 26.6°C, Volts: 232V, Power: 1630W
INFO:__main__:PLC Register Update -> Temp: 22.5°C, Volts: 231V, Power: 1644W
INFO:__main__:PLC Register Update -> Temp: 23.9°C, Volts: 232V, Power: 1383W
INFO:__main__:PLC Register Update -> Temp: 25.0°C, Volts: 228V, Power: 1203W
INFO:__main__:PLC Register Update -> Temp: 22.6°C, Volts: 228V, Power: 1778W
INFO:__main__:PLC Register Update -> Temp: 24.8°C, Volts: 231V, Power: 1358W
INFO:__main__:PLC Register Update -> Temp: 25.1°C, Volts: 231V, Power: 1582W
INFO:__main__:PLC Register Update -> Temp: 23.3°C, Volts: 229V, Power: 1772W
INFO:__main__:PLC Register Update -> Temp: 26.7°C, Volts: 232V, Power: 1532W
INFO:__main__:PLC Register Update -> Temp: 25.5°C, Volts: 230V, Power: 1284W
INFO:__main__:PLC Register Update -> Temp: 24.0°C, Volts: 231V, Power: 1431W
INFO:__main__:PLC Register Update -> Temp: 22.3°C, Volts: 230V, Power: 1729W
INFO:__main__:PLC Register Update -> Temp: 22.2°C, Volts: 231V, Power: 1774W
INFO:__main__:PLC Register Update -> Temp: 25.0°C, Volts: 229V, Power: 1636W
INFO:__main__:PLC Register Update -> Temp: 24.1°C, Volts: 228V, Power: 1457W
INFO:__main__:PLC Register Update -> Temp: 24.7°C, Volts: 230V, Power: 1561W
INFO:__main__:PLC Register Update -> Temp: 26.3°C, Volts: 229V, Power: 1529W
INFO:__main__:PLC Register Update -> Temp: 27.1°C, Volts: 232V, Power: 1388W
INFO:__main__:PLC Register Update -> Temp: 26.7°C, Volts: 229V, Power: 1601W
INFO:__main__:PLC Register Update -> Temp: 22.9°C, Volts: 232V, Power: 1604W
INFO:__main__:PLC Register Update -> Temp: 23.5°C, Volts: 231V, Power: 1771W
INFO:__main__:PLC Register Update -> Temp: 27.1°C, Volts: 232V, Power: 1667W
INFO:__main__:PLC Register Update -> Temp: 24.8°C, Volts: 228V, Power: 1222W
INFO:__main__:PLC Register Update -> Temp: 26.4°C, Volts: 231V, Power: 1218W
INFO:__main__:PLC Register Update -> Temp: 27.2°C, Volts: 230V, Power: 1461W
INFO:__main__:PLC Register Update -> Temp: 25.1°C, Volts: 228V, Power: 1466W
INFO:__main__:PLC Register Update -> Temp: 22.7°C, Volts: 229V, Power: 1211W
INFO:__main__:PLC Register Update -> Temp: 26.8°C, Volts: 228V, Power: 1496W
INFO:__main__:PLC Register Update -> Temp: 22.9°C, Volts: 232V, Power: 1718W
INFO:__main__:PLC Register Update -> Temp: 22.9°C, Volts: 232V, Power: 1697W
INFO:__main__:PLC Register Update -> Temp: 24.3°C, Volts: 232V, Power: 1747W
INFO:__main__:PLC Register Update -> Temp: 22.9°C, Volts: 231V, Power: 1200W
INFO:__main__:PLC Register Update -> Temp: 22.5°C, Volts: 230V, Power: 1359W
INFO:__main__:PLC Register Update -> Temp: 22.8°C, Volts: 231V, Power: 1646W
INFO:__main__:PLC Register Update -> Temp: 26.6°C, Volts: 228V, Power: 1624W
INFO:__main__:PLC Register Update -> Temp: 24.0°C, Volts: 228V, Power: 1529W
INFO:__main__:PLC Register Update -> Temp: 23.8°C, Volts: 229V, Power: 1274W
INFO:__main__:PLC Register Update -> Temp: 24.5°C, Volts: 230V, Power: 1718W
INFO:__main__:PLC Register Update -> Temp: 25.8°C, Volts: 228V, Power: 1554W
INFO:__main__:PLC Register Update -> Temp: 27.8°C, Volts: 228V, Power: 1765W
INFO:__main__:PLC Register Update -> Temp: 22.3°C, Volts: 229V, Power: 1533W
INFO:__main__:PLC Register Update -> Temp: 26.9°C, Volts: 231V, Power: 1546W
INFO:__main__:PLC Register Update -> Temp: 22.2°C, Volts: 231V, Power: 1239W
INFO:__main__:PLC Register Update -> Temp: 27.1°C, Volts: 230V, Power: 1740W
INFO:__main__:PLC Register Update -> Temp: 24.1°C, Volts: 228V, Power: 1332W
INFO:__main__:PLC Register Update -> Temp: 25.7°C, Volts: 232V, Power: 1218W
INFO:__main__:PLC Register Update -> Temp: 26.0°C, Volts: 228V, Power: 1586W
INFO:__main__:PLC Register Update -> Temp: 25.0°C, Volts: 232V, Power: 1238W
INFO:__main__:PLC Register Update -> Temp: 22.8°C, Volts: 230V, Power: 1584W
INFO:__main__:PLC Register Update -> Temp: 22.1°C, Volts: 230V, Power: 1330W
INFO:__main__:PLC Register Update -> Temp: 25.8°C, Volts: 229V, Power: 1554W
INFO:__main__:PLC Register Update -> Temp: 25.2°C, Volts: 230V, Power: 1635W
INFO:__main__:PLC Register Update -> Temp: 24.4°C, Volts: 228V, Power: 1636W
INFO:__main__:PLC Register Update -> Temp: 26.4°C, Volts: 228V, Power: 1562W
INFO:__main__:PLC Register Update -> Temp: 26.1°C, Volts: 229V, Power: 1567W
INFO:__main__:PLC Register Update -> Temp: 23.7°C, Volts: 228V, Power: 1326W
INFO:__main__:PLC Register Update -> Temp: 27.5°C, Volts: 229V, Power: 1265W
INFO:__main__:PLC Register Update -> Temp: 23.1°C, Volts: 230V, Power: 1577W
INFO:__main__:PLC Register Update -> Temp: 27.2°C, Volts: 228V, Power: 1449W
INFO:__main__:PLC Register Update -> Temp: 23.5°C, Volts: 230V, Power: 1364W
INFO:__main__:PLC Register Update -> Temp: 27.6°C, Volts: 229V, Power: 1246W
INFO:__main__:PLC Register Update -> Temp: 22.1°C, Volts: 230V, Power: 1385W
INFO:__main__:PLC Register Update -> Temp: 23.4°C, Volts: 232V, Power: 1569W
INFO:__main__:PLC Register Update -> Temp: 26.0°C, Volts: 232V, Power: 1523W
INFO:__main__:PLC Register Update -> Temp: 26.8°C, Volts: 231V, Power: 1331W
INFO:__main__:PLC Register Update -> Temp: 23.5°C, Volts: 230V, Power: 1668W
INFO:__main__:PLC Register Update -> Temp: 23.7°C, Volts: 230V, Power: 1485W
INFO:__main__:PLC Register Update -> Temp: 25.1°C, Volts: 228V, Power: 1296W
INFO:__main__:PLC Register Update -> Temp: 27.8°C, Volts: 229V, Power: 1350W
INFO:__main__:PLC Register Update -> Temp: 26.8°C, Volts: 228V, Power: 1564W
INFO:__main__:PLC Register Update -> Temp: 23.8°C, Volts: 230V, Power: 1772W
INFO:__main__:PLC Register Update -> Temp: 24.6°C, Volts: 231V, Power: 1333W
INFO:__main__:PLC Register Update -> Temp: 24.5°C, Volts: 231V, Power: 1380W
INFO:__main__:PLC Register Update -> Temp: 25.4°C, Volts: 228V, Power: 1497W
INFO:__main__:PLC Register Update -> Temp: 24.8°C, Volts: 228V, Power: 1721W
INFO:__main__:PLC Register Update -> Temp: 23.7°C, Volts: 228V, Power: 1376W
INFO:__main__:PLC Register Update -> Temp: 23.9°C, Volts: 228V, Power: 1739W
INFO:__main__:PLC Register Update -> Temp: 26.5°C, Volts: 230V, Power: 1778W
INFO:__main__:PLC Register Update -> Temp: 23.1°C, Volts: 229V, Power: 1322W
INFO:__main__:PLC Register Update -> Temp: 27.4°C, Volts: 232V, Power: 1723W
INFO:__main__:PLC Register Update -> Temp: 24.6°C, Volts: 230V, Power: 1412W
INFO:__main__:PLC Register Update -> Temp: 26.1°C, Volts: 231V, Power: 1264W
INFO:__main__:PLC Register Update -> Temp: 27.2°C, Volts: 230V, Power: 1308W
INFO:__main__:PLC Register Update -> Temp: 26.3°C, Volts: 232V, Power: 1564W
INFO:__main__:PLC Register Update -> Temp: 25.2°C, Volts: 230V, Power: 1513W
INFO:__main__:PLC Register Update -> Temp: 22.8°C, Volts: 228V, Power: 1627W
INFO:__main__:PLC Register Update -> Temp: 25.1°C, Volts: 231V, Power: 1667W
INFO:__main__:PLC Register Update -> Temp: 26.5°C, Volts: 228V, Power: 1518W
INFO:__main__:PLC Register Update -> Temp: 24.4°C, Volts: 230V, Power: 1405W
INFO:__main__:PLC Register Update -> Temp: 22.0°C, Volts: 229V, Power: 1630W
INFO:__main__:PLC Register Update -> Temp: 22.6°C, Volts: 231V, Power: 1507W
INFO:__main__:PLC Register Update -> Temp: 26.6°C, Volts: 231V, Power: 1391W
INFO:__main__:PLC Register Update -> Temp: 26.1°C, Volts: 231V, Power: 1407W
INFO:__main__:PLC Register Update -> Temp: 22.3°C, Volts: 231V, Power: 1472W
INFO:__main__:PLC Register Update -> Temp: 24.8°C, Volts: 232V, Power: 1497W
INFO:__main__:PLC Register Update -> Temp: 22.1°C, Volts: 230V, Power: 1750W
INFO:__main__:PLC Register Update -> Temp: 24.4°C, Volts: 231V, Power: 1281W
INFO:__main__:PLC Register Update -> Temp: 23.2°C, Volts: 229V, Power: 1472W
INFO:__main__:PLC Register Update -> Temp: 23.5°C, Volts: 228V, Power: 1765W
INFO:__main__:PLC Register Update -> Temp: 22.3°C, Volts: 232V, Power: 1521W
INFO:__main__:PLC Register Update -> Temp: 22.9°C, Volts: 232V, Power: 1779W
INFO:__main__:PLC Register Update -> Temp: 25.7°C, Volts: 229V, Power: 1431W
INFO:__main__:PLC Register Update -> Temp: 22.7°C, Volts: 231V, Power: 1720W
INFO:__main__:PLC Register Update -> Temp: 26.1°C, Volts: 231V, Power: 1611W
INFO:__main__:PLC Register Update -> Temp: 26.6°C, Volts: 232V, Power: 1258W
INFO:__main__:PLC Register Update -> Temp: 23.8°C, Volts: 230V, Power: 1666W
INFO:__main__:PLC Register Update -> Temp: 23.7°C, Volts: 228V, Power: 1267W
INFO:__main__:PLC Register Update -> Temp: 27.5°C, Volts: 229V, Power: 1419W
INFO:__main__:PLC Register Update -> Temp: 26.6°C, Volts: 228V, Power: 1284W
INFO:__main__:PLC Register Update -> Temp: 22.0°C, Volts: 232V, Power: 1597W
INFO:__main__:PLC Register Update -> Temp: 25.8°C, Volts: 229V, Power: 1354W
INFO:__main__:PLC Register Update -> Temp: 27.7°C, Volts: 232V, Power: 1564W
INFO:__main__:PLC Register Update -> Temp: 25.2°C, Volts: 231V, Power: 1644W
INFO:__main__:PLC Register Update -> Temp: 25.7°C, Volts: 230V, Power: 1517W
INFO:__main__:PLC Register Update -> Temp: 27.6°C, Volts: 228V, Power: 1379W
INFO:__main__:PLC Register Update -> Temp: 26.5°C, Volts: 232V, Power: 1218W
INFO:__main__:PLC Register Update -> Temp: 23.1°C, Volts: 228V, Power: 1477W
INFO:__main__:PLC Register Update -> Temp: 27.9°C, Volts: 231V, Power: 1709W
INFO:__main__:PLC Register Update -> Temp: 26.4°C, Volts: 232V, Power: 1682W
INFO:__main__:PLC Register Update -> Temp: 23.9°C, Volts: 228V, Power: 1371W
INFO:__main__:PLC Register Update -> Temp: 26.4°C, Volts: 228V, Power: 1319W
INFO:__main__:PLC Register Update -> Temp: 27.6°C, Volts: 231V, Power: 1463W
INFO:__main__:PLC Register Update -> Temp: 23.4°C, Volts: 229V, Power: 1227W
INFO:__main__:PLC Register Update -> Temp: 25.1°C, Volts: 231V, Power: 1490W
INFO:__main__:PLC Register Update -> Temp: 24.8°C, Volts: 230V, Power: 1594W
INFO:__main__:PLC Register Update -> Temp: 26.8°C, Volts: 229V, Power: 1747W
INFO:__main__:PLC Register Update -> Temp: 22.8°C, Volts: 232V, Power: 1374W
INFO:__main__:PLC Register Update -> Temp: 24.5°C, Volts: 228V, Power: 1789W
INFO:__main__:PLC Register Update -> Temp: 23.4°C, Volts: 228V, Power: 1591W
INFO:__main__:PLC Register Update -> Temp: 22.8°C, Volts: 229V, Power: 1487W
INFO:__main__:PLC Register Update -> Temp: 25.9°C, Volts: 228V, Power: 1213W
INFO:__main__:PLC Register Update -> Temp: 23.8°C, Volts: 232V, Power: 1618W
INFO:__main__:PLC Register Update -> Temp: 26.7°C, Volts: 232V, Power: 1300W
INFO:__main__:PLC Register Update -> Temp: 24.9°C, Volts: 230V, Power: 1544W
INFO:__main__:PLC Register Update -> Temp: 26.2°C, Volts: 232V, Power: 1302W
INFO:__main__:PLC Register Update -> Temp: 22.4°C, Volts: 230V, Power: 1365W
INFO:__main__:PLC Register Update -> Temp: 24.2°C, Volts: 231V, Power: 1771W
INFO:__main__:PLC Register Update -> Temp: 27.9°C, Volts: 230V, Power: 1459W
INFO:__main__:PLC Register Update -> Temp: 25.4°C, Volts: 228V, Power: 1211W
INFO:__main__:PLC Register Update -> Temp: 27.5°C, Volts: 228V, Power: 1660W
INFO:__main__:PLC Register Update -> Temp: 22.7°C, Volts: 231V, Power: 1461W
INFO:__main__:PLC Register Update -> Temp: 24.5°C, Volts: 232V, Power: 1604W
INFO:__main__:PLC Register Update -> Temp: 27.7°C, Volts: 231V, Power: 1332W
INFO:__main__:PLC Register Update -> Temp: 27.6°C, Volts: 232V, Power: 1389W
INFO:__main__:PLC Register Update -> Temp: 23.4°C, Volts: 231V, Power: 1690W
INFO:__main__:PLC Register Update -> Temp: 22.4°C, Volts: 229V, Power: 1729W
INFO:__main__:PLC Register Update -> Temp: 27.7°C, Volts: 231V, Power: 1728W
INFO:__main__:PLC Register Update -> Temp: 26.0°C, Volts: 229V, Power: 1252W
INFO:__main__:PLC Register Update -> Temp: 26.2°C, Volts: 229V, Power: 1754W
INFO:__main__:PLC Register Update -> Temp: 25.1°C, Volts: 232V, Power: 1698W
INFO:__main__:PLC Register Update -> Temp: 23.6°C, Volts: 230V, Power: 1214W
INFO:__main__:PLC Register Update -> Temp: 23.3°C, Volts: 232V, Power: 1406W
INFO:__main__:PLC Register Update -> Temp: 25.3°C, Volts: 228V, Power: 1715W
INFO:__main__:PLC Register Update -> Temp: 27.7°C, Volts: 228V, Power: 1742W
INFO:__main__:PLC Register Update -> Temp: 25.5°C, Volts: 230V, Power: 1364W
INFO:__main__:PLC Register Update -> Temp: 22.9°C, Volts: 232V, Power: 1386W
INFO:__main__:PLC Register Update -> Temp: 27.5°C, Volts: 231V, Power: 1462W
INFO:__main__:PLC Register Update -> Temp: 26.5°C, Volts: 231V, Power: 1577W
INFO:__main__:PLC Register Update -> Temp: 27.7°C, Volts: 231V, Power: 1385W
INFO:__main__:PLC Register Update -> Temp: 27.9°C, Volts: 231V, Power: 1692W
INFO:__main__:PLC Register Update -> Temp: 24.0°C, Volts: 231V, Power: 1702W
INFO:__main__:PLC Register Update -> Temp: 24.3°C, Volts: 229V, Power: 1293W
INFO:__main__:PLC Register Update -> Temp: 27.6°C, Volts: 231V, Power: 1491W
INFO:__main__:PLC Register Update -> Temp: 26.0°C, Volts: 231V, Power: 1531W
INFO:__main__:PLC Register Update -> Temp: 25.8°C, Volts: 231V, Power: 1546W
INFO:__main__:PLC Register Update -> Temp: 23.6°C, Volts: 228V, Power: 1545W
INFO:__main__:PLC Register Update -> Temp: 25.8°C, Volts: 228V, Power: 1494W
INFO:__main__:PLC Register Update -> Temp: 27.8°C, Volts: 230V, Power: 1615W
INFO:__main__:PLC Register Update -> Temp: 25.6°C, Volts: 228V, Power: 1558W
INFO:__main__:PLC Register Update -> Temp: 23.9°C, Volts: 230V, Power: 1582W
INFO:__main__:PLC Register Update -> Temp: 23.6°C, Volts: 231V, Power: 1650W
INFO:__main__:PLC Register Update -> Temp: 23.4°C, Volts: 232V, Power: 1288W
INFO:__main__:PLC Register Update -> Temp: 24.3°C, Volts: 232V, Power: 1438W
INFO:__main__:PLC Register Update -> Temp: 23.8°C, Volts: 229V, Power: 1496W
INFO:__main__:PLC Register Update -> Temp: 26.9°C, Volts: 231V, Power: 1624W
INFO:__main__:PLC Register Update -> Temp: 27.6°C, Volts: 230V, Power: 1453W
INFO:__main__:PLC Register Update -> Temp: 27.2°C, Volts: 229V, Power: 1296W
INFO:__main__:PLC Register Update -> Temp: 27.0°C, Volts: 232V, Power: 1429W
INFO:__main__:PLC Register Update -> Temp: 26.5°C, Volts: 231V, Power: 1375W
INFO:__main__:PLC Register Update -> Temp: 23.3°C, Volts: 230V, Power: 1593W
INFO:__main__:PLC Register Update -> Temp: 25.1°C, Volts: 229V, Power: 1640W
INFO:__main__:PLC Register Update -> Temp: 24.0°C, Volts: 229V, Power: 1608W
INFO:__main__:PLC Register Update -> Temp: 24.5°C, Volts: 231V, Power: 1677W
INFO:__main__:PLC Register Update -> Temp: 25.7°C, Volts: 229V, Power: 1328W
INFO:__main__:PLC Register Update -> Temp: 25.8°C, Volts: 232V, Power: 1705W
INFO:__main__:PLC Register Update -> Temp: 25.7°C, Volts: 228V, Power: 1781W
INFO:__main__:PLC Register Update -> Temp: 23.4°C, Volts: 228V, Power: 1767W
INFO:__main__:PLC Register Update -> Temp: 23.6°C, Volts: 229V, Power: 1308W
INFO:__main__:PLC Register Update -> Temp: 27.1°C, Volts: 230V, Power: 1290W
INFO:__main__:PLC Register Update -> Temp: 25.1°C, Volts: 232V, Power: 1284W
INFO:__main__:PLC Register Update -> Temp: 25.3°C, Volts: 230V, Power: 1565W
INFO:__main__:PLC Register Update -> Temp: 22.7°C, Volts: 228V, Power: 1727W
INFO:__main__:PLC Register Update -> Temp: 27.2°C, Volts: 228V, Power: 1321W
INFO:__main__:PLC Register Update -> Temp: 25.4°C, Volts: 229V, Power: 1256W
INFO:__main__:PLC Register Update -> Temp: 23.0°C, Volts: 231V, Power: 1609W
INFO:__main__:PLC Register Update -> Temp: 26.3°C, Volts: 230V, Power: 1216W
INFO:__main__:PLC Register Update -> Temp: 22.1°C, Volts: 229V, Power: 1410W
INFO:__main__:PLC Register Update -> Temp: 23.4°C, Volts: 232V, Power: 1595W
INFO:__main__:PLC Register Update -> Temp: 26.2°C, Volts: 232V, Power: 1271W
INFO:__main__:PLC Register Update -> Temp: 24.9°C, Volts: 231V, Power: 1288W
INFO:__main__:PLC Register Update -> Temp: 26.6°C, Volts: 232V, Power: 1436W
INFO:__main__:PLC Register Update -> Temp: 26.2°C, Volts: 229V, Power: 1218W
INFO:__main__:PLC Register Update -> Temp: 25.6°C, Volts: 228V, Power: 1303W
INFO:__main__:PLC Register Update -> Temp: 22.5°C, Volts: 228V, Power: 1647W
INFO:__main__:PLC Register Update -> Temp: 27.5°C, Volts: 230V, Power: 1564W
INFO:__main__:PLC Register Update -> Temp: 25.5°C, Volts: 231V, Power: 1344W
INFO:__main__:PLC Register Update -> Temp: 26.7°C, Volts: 228V, Power: 1307W
INFO:__main__:PLC Register Update -> Temp: 22.3°C, Volts: 228V, Power: 1708W
